// Vitest Snapshot v1, https://vitest.dev/guide/snapshot.html

exports[`matches snapshot 1`] = `
<DocumentFragment>
  <div>
    <form>
      <div>
        <label
          for="task"
        >
          Task:
        </label>
        <input
          id="task"
          name="task"
          type="text"
          value=""
        />
      </div>
      <button>
        Add Todo
      </button>
    </form>
  </div>
</DocumentFragment>
`;
